// Jest Snapshot v1, https://goo.gl/fbAQLP

exports[`<Button /> should match snapshot 1`] = `
<section>
  <button
    class="button"
  >
    Load more
  </button>
</section>
`;
